_______              _____            _____________________
___    |___  _____  ____(_)_____ _    __  ___/__  __ \__  /
__  /| |_  |/_/_  |/_/_  /_  __ `/    _____ \__  /_/ /_  /
_  ___ |_>  < __>  < _  / / /_/ /     ____/ /_  ____/_  /___
/_/  |_/_/|_| /_/|_| /_/  \__,_/      /____/ /_/     /_____/

Axxia Version: UNKNOWN
Axxia ATF Version: UNKNOWN
XLF CHIP VERSION: (0x18) A0
Parameter table has wrong magic number!
Parameters: Watchdog 0 A/B Valid 1/0 A/B Sequence 0/0 => A
Parameter Table Version: 9
mb: non-secure access to Shelley? yes
mb: write 0x89900000 @ 0x4000200048
mb: read back 0x89900000 @ 0x4000200048
mb: write 0x80000000 @ 0x400020004c
mb: read back 0x80000000 @ 0x400020004c
mb: write 0x89900000 @ 0x4000210048
mb: read back 0x89900000 @ 0x4000210048
mb: write 0x80000000 @ 0x400021004c
mb: read back 0x80000000 @ 0x400021004c
mb: write 0x89900000 @ 0x4000220048
mb: read back 0x89900000 @ 0x4000220048
mb: write 0x80000000 @ 0x400022004c
mb: read back 0x80000000 @ 0x400022004c
mb: write 0x89900000 @ 0x4000230048
mb: read back 0x89900000 @ 0x4000230048
mb: write 0x80000000 @ 0x400023004c
mb: read back 0x80000000 @ 0x400023004c
mb: write 0x89900000 @ 0x4000240048
mb: read back 0x89900000 @ 0x4000240048
mb: write 0x80000000 @ 0x400024004c
mb: read back 0x80000000 @ 0x400024004c
mb: write 0x89900000 @ 0x4000250048
mb: read back 0x89900000 @ 0x4000250048
mb: write 0x80000000 @ 0x400025004c
mb: read back 0x80000000 @ 0x400025004c
mb: write 0x89900000 @ 0x4000260048
mb: read back 0x89900000 @ 0x4000260048
mb: write 0x80000000 @ 0x400026004c
mb: read back 0x80000000 @ 0x400026004c
mb: write 0x89900000 @ 0x4000270048
mb: read back 0x89900000 @ 0x4000270048
mb: write 0x80000000 @ 0x400027004c
mb: read back 0x80000000 @ 0x400027004c
mb: write 0x89b00000 @ 0x4000200050
mb: read back 0x89b00000 @ 0x4000200050
mb: write 0x80000000 @ 0x4000200054
mb: read back 0x80000000 @ 0x4000200054
mb: write 0x89b00000 @ 0x4000210050
mb: read back 0x89b00000 @ 0x4000210050
mb: write 0x80000000 @ 0x4000210054
mb: read back 0x80000000 @ 0x4000210054
mb: write 0x89b00000 @ 0x4000220050
mb: read back 0x89b00000 @ 0x4000220050
mb: write 0x80000000 @ 0x4000220054
mb: read back 0x80000000 @ 0x4000220054
mb: write 0x89b00000 @ 0x4000230050
mb: read back 0x89b00000 @ 0x4000230050
mb: write 0x80000000 @ 0x4000230054
mb: read back 0x80000000 @ 0x4000230054
mb: write 0x89b00000 @ 0x4000240050
mb: read back 0x89b00000 @ 0x4000240050
mb: write 0x80000000 @ 0x4000240054
mb: read back 0x80000000 @ 0x4000240054
mb: write 0x89b00000 @ 0x4000250050
mb: read back 0x89b00000 @ 0x4000250050
mb: write 0x80000000 @ 0x4000250054
mb: read back 0x80000000 @ 0x4000250054
mb: write 0x89b00000 @ 0x4000260050
mb: read back 0x89b00000 @ 0x4000260050
mb: write 0x80000000 @ 0x4000260054
mb: read back 0x80000000 @ 0x4000260054
mb: write 0x89b00000 @ 0x4000270050
mb: read back 0x89b00000 @ 0x4000270050
mb: write 0x80000000 @ 0x4000270054
mb: read back 0x80000000 @ 0x4000270054
mb: write 0x89d00000 @ 0x4000200058
mb: read back 0x89d00000 @ 0x4000200058
mb: write 0x80000000 @ 0x400020005c
mb: read back 0x80000000 @ 0x400020005c
mb: write 0x89d00000 @ 0x4000210058
mb: read back 0x89d00000 @ 0x4000210058
mb: write 0x80000000 @ 0x400021005c
mb: read back 0x80000000 @ 0x400021005c
mb: write 0x89d00000 @ 0x4000220058
mb: read back 0x89d00000 @ 0x4000220058
mb: write 0x80000000 @ 0x400022005c
mb: read back 0x80000000 @ 0x400022005c
mb: write 0x89d00000 @ 0x4000230058
mb: read back 0x89d00000 @ 0x4000230058
mb: write 0x80000000 @ 0x400023005c
mb: read back 0x80000000 @ 0x400023005c
mb: write 0x89d00000 @ 0x4000240058
mb: read back 0x89d00000 @ 0x4000240058
mb: write 0x80000000 @ 0x400024005c
mb: read back 0x80000000 @ 0x400024005c
mb: write 0x89d00000 @ 0x4000250058
mb: read back 0x89d00000 @ 0x4000250058
mb: write 0x80000000 @ 0x400025005c
mb: read back 0x80000000 @ 0x400025005c
mb: write 0x89d00000 @ 0x4000260058
mb: read back 0x89d00000 @ 0x4000260058
mb: write 0x80000000 @ 0x400026005c
mb: read back 0x80000000 @ 0x400026005c
mb: write 0x89d00000 @ 0x4000270058
mb: read back 0x89d00000 @ 0x4000270058
mb: write 0x80000000 @ 0x400027005c
mb: read back 0x80000000 @ 0x400027005c
mb: write 0x89f00000 @ 0x4000200060
mb: read back 0x89f00000 @ 0x4000200060
mb: write 0x80000000 @ 0x4000200064
mb: read back 0x80000000 @ 0x4000200064
mb: write 0x89f00000 @ 0x4000210060
mb: read back 0x89f00000 @ 0x4000210060
mb: write 0x80000000 @ 0x4000210064
mb: read back 0x80000000 @ 0x4000210064
mb: write 0x89f00000 @ 0x4000220060
mb: read back 0x89f00000 @ 0x4000220060
mb: write 0x80000000 @ 0x4000220064
mb: read back 0x80000000 @ 0x4000220064
mb: write 0x89f00000 @ 0x4000230060
mb: read back 0x89f00000 @ 0x4000230060
mb: write 0x80000000 @ 0x4000230064
mb: read back 0x80000000 @ 0x4000230064
mb: write 0x89f00000 @ 0x4000240060
mb: read back 0x89f00000 @ 0x4000240060
mb: write 0x80000000 @ 0x4000240064
mb: read back 0x80000000 @ 0x4000240064
mb: write 0x89f00000 @ 0x4000250060
mb: read back 0x89f00000 @ 0x4000250060
mb: write 0x80000000 @ 0x4000250064
mb: read back 0x80000000 @ 0x4000250064
mb: write 0x89f00000 @ 0x4000260060
mb: read back 0x89f00000 @ 0x4000260060
mb: write 0x80000000 @ 0x4000260064
mb: read back 0x80000000 @ 0x4000260064
mb: write 0x89f00000 @ 0x4000270060
mb: read back 0x89f00000 @ 0x4000270060
mb: write 0x80000000 @ 0x4000270064
mb: read back 0x80000000 @ 0x4000270064
mb: LockedWays 8 @ 0x4000200040
mb: read back LockedWays 0x8
mb: LockedWays 8 @ 0x4000210040
mb: read back LockedWays 0x8
mb: LockedWays 8 @ 0x4000220040
mb: read back LockedWays 0x8
mb: LockedWays 8 @ 0x4000230040
mb: read back LockedWays 0x8
mb: LockedWays 8 @ 0x4000240040
mb: read back LockedWays 0x8
mb: LockedWays 8 @ 0x4000250040
mb: read back LockedWays 0x8
mb: LockedWays 8 @ 0x4000260040
mb: read back LockedWays 0x8
mb: LockedWays 8 @ 0x4000270040
mb: read back LockedWays 0x8
L3 Cache Line Locking -- Total Size is 8 MB
        Base 0 : 0x89900000 (valid)
        Base 1 : 0x89b00000 (valid)
        Base 2 : 0x89d00000 (valid)
        Base 3 : 0x89f00000 (valid)
System Initialized

INFO:    Options: 6700, emulation, none, 2 MHz, 9600
INFO:    Options: cache protection enabled
NOTICE:  BL31: v1.2(debug):c051fd455d
NOTICE:  BL31: Built : 22:11:27, Jun 11 2018
INFO:    Force timer 7 int to Secure
INFO:    Enable timer 7 int in GICD
INFO:    BL31: Initializing runtime services
INFO:    plat_setup_psci_ops called
INFO:    BL31: Preparing for EL3 exit to normal world
INFO:    Entry point address = 0x0
INFO:    SPSR = 0x9
INFO:    Adding cluster 0 to the coherency domain.
INFO:    Setting the DSP State from 0x0 to 0x0
 _______              _____            _____  __     ________            _____
 ___    |___  _____  ____(_)_____ _    __  / / /     ___  __ )_____________  /_
 __  /| |_  |/_/_  |/_/_  /_  __ `/    _  / / /________  __  |  __ \  __ \  __/
 _  ___ |_>  < __>  < _  / / /_/ /     / /_/ /_/_____/  /_/ // /_/ / /_/ / /_
 /_/  |_/_/|_| /_/|_| /_/  \__,_/      \____/        /_____/ \____/\____/\__/

Axxia Version: UNKNOWN
EL2

U-Boot 2015.10-00004-g5c0d45cfee-dirty (Jun 11 2018 - 17:11:56 -0500)

DRAM:  1 GiB
Sysmem Size: 4096 MB
Relocation Address: 0x3ff79000
SF: Detected S25FL032A with page size 256 Bytes, erase size 64 KiB, total 4 MiB
In:    serial
Out:   serial
Err:   serial
Net:   NEMAC
Hit any key to stop autoboot:  0
NEMAC Waiting for PHY auto negotiation to complete.. done
NEMAC: 100Mbps, full duplex
BOOTP broadcast 1
*** Unhandled DHCP Option in OFFER/ACK: 40
*** Unhandled DHCP Option in OFFER/ACK: 119
*** Unhandled DHCP Option in OFFER/ACK: 41
*** Unhandled DHCP Option in OFFER/ACK: 40
*** Unhandled DHCP Option in OFFER/ACK: 119
*** Unhandled DHCP Option in OFFER/ACK: 41
DHCP client bound to address 10.123.78.234 (365 ms)
Using NEMAC device
TFTP from server 10.123.116.21; our IP address is 10.123.78.234; sending through gateway 10.123.72.1
Filename 'kernel-frio-037-a15'.
Load address: 0x4000000
Loading: #################################################################
         #################################################################
         #################################################################
         #################################################################
         #################################################################
         ##############
         412.1 KiB/s
done
Bytes transferred = 4965272 (4bc398 hex)
## Loading kernel from FIT Image at 04000000 ...
   Using 'conf' configuration
   Trying 'kernel' kernel subimage
     Description:  Linux Kernel
     Type:         Kernel Image
     Compression:  gzip compressed
     Data Start:   0x040000d0
     Data Size:    4949148 Bytes = 4.7 MiB
     Architecture: AArch64
     OS:           Linux
     Load Address: 0x00080000
     Entry Point:  0x00080000
     Hash algo:    crc32
     Hash value:   44841943
     Hash algo:    sha1
     Hash value:   20645bd070d5e5b998a5e02a8c0bb3776fb54a88
   Verifying Hash Integrity ... crc32+ sha1+ OK
## Loading fdt from FIT Image at 04000000 ...
   Using 'conf' configuration
   Trying 'fdt' fdt subimage
     Description:  Flattened Device Tree blob
     Type:         Flat Device Tree
     Compression:  uncompressed
     Data Start:   0x044b8694
     Data Size:    14799 Bytes = 14.5 KiB
     Architecture: AArch64
     Hash algo:    crc32
     Hash value:   b702b82c
     Hash algo:    sha1
     Hash value:   1ff9047f2aada5f22caf446a4f3e05df3102b6e1
   Verifying Hash Integrity ... crc32+ sha1+ OK
   Booting using the fdt blob at 0x44b8694
   Uncompressing Kernel Image ... OK
   Loading Device Tree to 000000001fff9000, end 000000001ffff9ce ... OK
Peripheral frequency: 2000000

Starting kernel ...

INFO:    Adding cluster 2 to the coherency domain.
INFO:    Adding cluster 4 to the coherency domain.
Booting Linux on physical CPU 0x0
Initializing cgroup subsys cpuset
Initializing cgroup subsys cpu
Initializing cgroup subsys cpuacct
Linux version 4.1.49-rt23-axxia_rt_1.71 (jjacques@txasoft16) (gcc version 5.2.0 (GCC) ) #1 SMP PREEMPT RT Tue Feb 27 09:06:22 CST 2018
CPU: AArch64 Processor [410fd034] revision 4
Detected VIPT I-cache on CPU0
alternatives: enabling workaround for ARM erratum 845719
Memory limited to 1024MB
efi: Getting EFI parameters from FDT:
efi: UEFI not found.
cma: Reserved 16 MiB at 0x000000003f000000
psci: probing for conduit method from DT.
psci: PSCIv1.0 detected in firmware.
psci: Using standard PSCI v0.2 function IDs
PERCPU: Embedded 18 pages/cpu @ffffffc03eeff000 s35200 r8192 d30336 u73728
Built 1 zonelists in Zone order, mobility grouping on.  Total pages: 258048
Kernel command line: root=/dev/nfs rw mem=1024M console=ttyAMA0 ip=dhcp
log_buf_len individual max cpu contribution: 4096 bytes
log_buf_len total cpu_extra contributions: 45056 bytes
log_buf_len min size: 16384 bytes
log_buf_len: 65536 bytes
early log buf free: 14608(89%)
PID hash table entries: 4096 (order: 3, 32768 bytes)
Dentry cache hash table entries: 131072 (order: 9, 2097152 bytes)
Inode-cache hash table entries: 65536 (order: 7, 524288 bytes)
software IO TLB [mem 0x39a00000-0x3da00000] (64MB) mapped at [ffffffc039a00000-ffffffc03d9fffff]
Memory: 934516K/1048576K available (7190K kernel code, 769K rwdata, 2616K rodata, 612K init, 404K bss, 97676K reserved, 16384K cma-reserved)
Virtual kernel memory layout:
    vmalloc : 0xffffff8000000000 - 0xffffffbdbfff0000   (   246 GB)
    vmemmap : 0xffffffbdc0000000 - 0xffffffbfc0000000   (     8 GB maximum)
              0xffffffbdc0000000 - 0xffffffbdc1000000   (    16 MB actual)
    fixed   : 0xffffffbffabfd000 - 0xffffffbffac00000   (    12 KB)
    PCI I/O : 0xffffffbffae00000 - 0xffffffbffbe00000   (    16 MB)
    modules : 0xffffffbffc000000 - 0xffffffc000000000   (    64 MB)
    memory  : 0xffffffc000000000 - 0xffffffc040000000   (  1024 MB)
      .init : 0xffffffc000a16000 - 0xffffffc000aaf000   (   612 KB)
      .text : 0xffffffc000080000 - 0xffffffc000a158f4   (  9815 KB)
      .data : 0xffffffc000ab3000 - 0xffffffc000b73400   (   769 KB)
SLUB: HWalign=64, Order=0-3, MinObjects=0, CPUs=12, Nodes=1
Preemptible hierarchical RCU implementation.
        Additional per-CPU info printed with stalls.
        RCU restricting CPUs from NR_CPUS=64 to nr_cpu_ids=12.
        RCU kthread priority: 1.
RCU: Adjusting geometry for rcu_fanout_leaf=16, nr_cpu_ids=12
NR_IRQS:64 nr_irqs:64 0
CPU0: found redistributor 0 region 0:0x0000008010400000
Architected cp15 timer(s) running at 5.00MHz (phys).
clocksource arch_sys_counter: mask: 0xffffffffffffff max_cycles: 0x127350b88, max_idle_ns: 440795202120 ns
sched_clock: 56 bits at 5MHz, resolution 200ns, wraps every 4398046511100ns
Console: colour dummy device 80x25
Calibrating delay loop (skipped), value calculated using timer frequency.. 10.00 BogoMIPS (lpj=50000)
pid_max: default: 32768 minimum: 301
Security Framework initialized
Mount-cache hash table entries: 2048 (order: 2, 16384 bytes)
Mountpoint-cache hash table entries: 2048 (order: 2, 16384 bytes)
Initializing cgroup subsys blkio
Initializing cgroup subsys memory
Initializing cgroup subsys devices
Initializing cgroup subsys freezer
Initializing cgroup subsys hugetlb
ftrace: allocating 25386 entries in 100 pages
hw perfevents: enabled with arm/armv8-pmuv3 PMU driver, 7 counters available
EFI services will not be available.
CPU1: Booted secondary processor
Detected VIPT I-cache on CPU1
CPU1: found redistributor 1 region 0:0x0000008010420000
CPU2: Booted secondary processor
Detected VIPT I-cache on CPU2
CPU2: found redistributor 2 region 0:0x0000008010440000
CPU3: Booted secondary processor
Detected VIPT I-cache on CPU3
CPU3: found redistributor 3 region 0:0x0000008010460000
CPU4: Booted secondary processor
Detected VIPT I-cache on CPU4
CPU4: found redistributor 200 region 0:0x0000008010500000
CPU5: Booted secondary processor
Detected VIPT I-cache on CPU5
CPU5: found redistributor 201 region 0:0x0000008010520000
CPU6: Booted secondary processor
Detected VIPT I-cache on CPU6
CPU6: found redistributor 202 region 0:0x0000008010540000
CPU7: Booted secondary processor
Detected VIPT I-cache on CPU7
CPU7: found redistributor 203 region 0:0x0000008010560000
CPU8: Booted secondary processor
Detected VIPT I-cache on CPU8
CPU8: found redistributor 400 region 0:0x0000008010600000
CPU9: Booted secondary processor
Detected VIPT I-cache on CPU9
CPU9: found redistributor 401 region 0:0x0000008010620000
CPU10: Booted secondary processor
Detected VIPT I-cache on CPU10
CPU10: found redistributor 402 region 0:0x0000008010640000
CPU11: Booted secondary processor
Detected VIPT I-cache on CPU11
CPU11: found redistributor 403 region 0:0x0000008010660000
Brought up 12 CPUs
SMP: Total of 12 processors activated.
CPU: All CPU(s) started at EL2
alternatives: patching kernel code
devtmpfs: initialized
DMI not present or invalid.
clocksource jiffies: mask: 0xffffffff max_cycles: 0xffffffff, max_idle_ns: 19112604462750000 ns
futex hash table entries: 4096 (order: 7, 524288 bytes)
NET: Registered protocol family 16
cpuidle: using governor ladder
cpuidle: using governor menu
vdso: 2 pages (1 code @ ffffffc000ab9000, 1 data @ ffffffc000ab8000)
hw-breakpoint: found 6 breakpoint and 4 watchpoint registers.
DMA: preallocated 256 KiB pool for atomic allocations
Serial: AMBA PL011 UART driver
ncr: available
No Parameters Available for PEI Setup!
8080000000.uart: ttyAMA0 at MMIO 0x8080000000 (irq = 13, base_baud = 0) is a PL011 rev2
console [ttyAMA0] enabled
ACPI: Interpreter disabled.
vgaarb: loaded
SCSI subsystem initialized
ssp-pl022 8080100000.ssp: ARM PL022 driver, device ID: 0x000b6022
pl022: mapped registers from 0x8080100000 to ffffff8000054000
ssp-pl022 8080100000.ssp: Max speed that can be programmed is 1000000 Hz, you requested 25000000
usbcore: registered new interface driver usbfs
usbcore: registered new interface driver hub
usbcore: registered new device driver usb
EDAC MC: Ver: 3.0.0
Switched to clocksource arch_sys_counter
pnp: PnP ACPI: disabled
NET: Registered protocol family 2
TCP established hash table entries: 8192 (order: 4, 65536 bytes)
TCP bind hash table entries: 8192 (order: 6, 458752 bytes)
TCP: Hash tables configured (established 8192 bind 8192)
UDP hash table entries: 512 (order: 4, 65536 bytes)
UDP-Lite hash table entries: 512 (order: 4, 65536 bytes)
NET: Registered protocol family 1
RPC: Registered named UNIX socket transport module.
RPC: Registered udp transport module.
RPC: Registered tcp transport module.
RPC: Registered tcp NFSv4.1 backchannel transport module.
kvm [1]: GICv3: no GICV resource entry
kvm [1]: disabling GICv2 emulation
kvm [1]: interrupt-controller@ffffffc0000b37d0 IRQ5
kvm [1]: timer IRQ3
kvm [1]: Hyp mode initialized successfully
audit: initializing netlink subsys (disabled)
audit: type=2000 audit(74.350:1): initialized
HugeTLB registered 2 MB page size, pre-allocated 0 pages
squashfs: version 4.0 (2009/01/31) Phillip Lougher
Installing knfsd (copyright (C) 1996 okir@monad.swb.de).
fuse init (API version 7.23)
9p: Installing v9fs 9p2000 file system support
NET: Registered protocol family 38
io scheduler noop registered
io scheduler cfq registered (default)
Serial: 8250/16550 driver, 4 ports, IRQ sharing disabled
Unable to detect cache hierarcy from DT for CPU 0
brd: module loaded
loop: module loaded
Axxia DSP Control Initialized
Axxia ACTLR_EL3 Control Initialized
Axxia ACTLR_EL3 Control Initialized
libphy: Axxia MDIO: probed
m25p80 spi0.0: found s25sl032p, expected s25fl016k
m25p80 spi0.0: s25sl032p (4096 Kbytes)
8 ofpart partitions found on MTD device spi0.0
Creating 8 MTD partitions on "spi0.0":
0x000000000000-0x000000040000 : "spl-0"
0x000000040000-0x000000080000 : "spl-1"
0x000000080000-0x000000090000 : "parameters-0"
0x000000090000-0x0000000a0000 : "parameters-1"
0x0000000a0000-0x0000000b0000 : "env-0"
0x0000000b0000-0x0000000c0000 : "env-1"
0x000000100000-0x000000300000 : "u-boot-0"
0x000000300000-0x000000500000 : "u-boot-1"
mtd: partition "u-boot-1" extends beyond the end of device "spi0.0" -- size truncated to 0x100000
libphy: Fixed MDIO Bus: probed
tun: Universal TUN/TAP device driver, 1.6
tun: (C) 1999-2004 Max Krasnyansky <maxk@qualcomm.com>
axxia-nemac 8080240000.ethernet: NEMAC HW rev 3.4
usbcore: registered new interface driver usb-storage
mousedev: PS/2 mouse device common for all mice
i2c /dev entries driver
DDR Retention Reset Initialized
sdhci: Secure Digital Host Controller Interface driver
sdhci: Copyright(c) Pierre Ossman
sdhci-pltfm: SDHCI platform and OF driver helper
usbcore: registered new interface driver usbhid
usbhid: USB HID core driver
nf_conntrack version 0.5.0 (7428 buckets, 29712 max)
ip_tables: (C) 2000-2006 Netfilter Core Team
NET: Registered protocol family 10
ip6_tables: (C) 2000-2006 Netfilter Core Team
sit: IPv6 over IPv4 tunneling driver
NET: Registered protocol family 17
bridge: automatic filtering via arp/ip/ip6tables has been deprecated. Update your scripts to load br_netfilter if you need this.
8021q: 802.1Q VLAN Support v1.8
9pnet: Installing 9P2000 support
registered taskstats version 1
hctosys: unable to open rtc device (rtc0)
IPv6: ADDRCONF(NETDEV_UP): eth0: link is not ready
axxia-nemac 8080240000.ethernet eth0: Link is Up - 10Mbps/Full - flow control off
Sending DHCP requests .
IPv6: ADDRCONF(NETDEV_CHANGE): eth0: link becomes ready
., OK
IP-Config: Got DHCP answer from 10.123.72.3, my address is 10.123.78.234
IP-Config: Complete:
     device=eth0, hwaddr=00:02:2d:84:13:f0, ipaddr=10.123.78.234, mask=255.255.248.0, gw=10.123.72.1
     host=frio-037-a15, domain=, nis-domain=agere
     bootserver=10.123.116.21, rootserver=10.123.116.21, rootpath=/export/labsrv6/lab/ARM/frio-037-a15
     nameserver0=10.248.2.1, nameserver1=10.2.71.13, nameserver2=10.19.1.12
uart-pl011 8080000000.uart: no DMA platform data
VFS: Mounted root (nfs filesystem) on device 0:16.
devtmpfs: mounted
Freeing unused kernel memory: 612K
Freeing alternatives memory: 8K
INIT: version 2.88 booting
random: nonblocking pool is initialized
Starting udev
udev: Not using udev cache because of changes detected in the following files:
udev:     /proc/version /proc/cmdline /proc/devices
udev:     lib/udev/rules.d/* etc/udev/rules.d/*
udev: The udev cache will be regenerated. To identify the detected changes,
udev: compare the cached sysconf at   /etc/udev/cache.data
udev: against the current sysconf at  /dev/shm/udev.cache
udevd[226]: starting version 182
Populating dev cache
hwclock: can't open '/dev/misc/rtc': No such file or directory
Mon Aug 24 20:22:17 UTC 2015
hwclock: can't open '/dev/misc/rtc': No such file or directory
INIT: Entering runlevel: 5
Configuring network interfaces... ifup skipped for nfsroot interface eth0
run-parts: /etc/network/if-pre-up.d/nfsroot exited with code 1
Starting system message bus: dbus.
Starting udev
udevd[447]: starting version 182

udevadm settle - timeout of 3 seconds reached, the event queue contains:
  /sys/devices/virtual/bdi/1:5 (1047)
  /sys/devices/virtual/bdi/1:6 (1048)
  /sys/devices/virtual/bdi/1:7 (1049)
Starting portmap daemon...
Starting rpcbind daemon...done.
Starting watchdog: [  OK  ]
starting statd: done
Starting atd: OK
Starting domain name service: named.
exportfs: can't open /etc/exports for reading
starting 8 nfsd kernel threads: done
starting mountd: done
Starting system log daemon...0
Starting kernel log daemon...





0
Starting internet superserver: xinetd.
 * Starting Avahi mDNS/DNS-SD Daemon: avahi-daemon



                                                                         [ ok ]
Starting ypbind .Starting crond: OK
Running local boot scripts (/etc/rc.local)Starting automount: done.
.

Poky (Yocto Project Reference Distro) 1.8+snapshot-20150824 frio-037-a15 /dev/ttyAMA0

frio-037-a15 login: root
Password:


